
> cnt-project@0.1.0 build /home/noah/Desktop/NextJS/cnt-project
> next build

▲ Next.js 16.2.2 (Turbopack)
- Environments: .env

⚠ The "middleware" file convention is deprecated. Please use "proxy" instead. Learn more: https://nextjs.org/docs/messages/middleware-to-proxy
  Creating an optimized production build ...

> Build error occurred
Error: Turbopack build failed with 8 errors:
./app/dashboard/page.tsx:20:1
Export default doesn't exist in target module
  [90m18 |[0m
  [90m19 |[0m [90m// Components imports (assuming they are exported as default or named ...[0m
[31m[1m>[0m [90m20 |[0m [36mimport[0m [33mEmailComposer[0m [36mfrom[0m [32m"@/components/EmailComposer"[0m;
  [90m   |[0m [31m[1m^^^^^^^^^^^^^^^^^^^^^^^^^^^^^^^^^^^^^^^^^^^^^^^^^^^^^^^[0m
  [90m21 |[0m [36mimport[0m [33mInbox[0m [36mfrom[0m [32m"@/components/Inbox"[0m;
  [90m22 |[0m [36mimport[0m [33mEmailViewer[0m [36mfrom[0m [32m"@/components/EmailViewer"[0m;
  [90m23 |[0m [36mimport[0m [33mKeyManagement[0m [36mfrom[0m [32m"@/components/KeyManagement"[0m;

The export default was not found in module [project]/components/EmailComposer.tsx [app-client] (ecmascript).
Did you mean to import EmailComposer?
All exports of the module are statically known (It doesn't have dynamic exports). So it's known statically that the requested export doesn't exist.

Import traces:
  Client Component Browser:
    ./app/dashboard/page.tsx [Client Component Browser]
    ./app/dashboard/page.tsx [Server Component]

  Client Component SSR:
    ./app/dashboard/page.tsx [Client Component SSR]
    ./app/dashboard/page.tsx [Server Component]


./app/dashboard/page.tsx:20:1
Export default doesn't exist in target module
  [90m18 |[0m
  [90m19 |[0m [90m// Components imports (assuming they are exported as default or named ...[0m
[31m[1m>[0m [90m20 |[0m [36mimport[0m [33mEmailComposer[0m [36mfrom[0m [32m"@/components/EmailComposer"[0m;
  [90m   |[0m [31m[1m^^^^^^^^^^^^^^^^^^^^^^^^^^^^^^^^^^^^^^^^^^^^^^^^^^^^^^^[0m
  [90m21 |[0m [36mimport[0m [33mInbox[0m [36mfrom[0m [32m"@/components/Inbox"[0m;
  [90m22 |[0m [36mimport[0m [33mEmailViewer[0m [36mfrom[0m [32m"@/components/EmailViewer"[0m;
  [90m23 |[0m [36mimport[0m [33mKeyManagement[0m [36mfrom[0m [32m"@/components/KeyManagement"[0m;

The export default was not found in module [project]/components/EmailComposer.tsx [app-ssr] (ecmascript).
Did you mean to import EmailComposer?
All exports of the module are statically known (It doesn't have dynamic exports). So it's known statically that the requested export doesn't exist.

Import traces:
  Client Component Browser:
    ./app/dashboard/page.tsx [Client Component Browser]
    ./app/dashboard/page.tsx [Server Component]

  Client Component SSR:
    ./app/dashboard/page.tsx [Client Component SSR]
    ./app/dashboard/page.tsx [Server Component]


./app/dashboard/page.tsx:22:1
Export default doesn't exist in target module
  [90m20 |[0m [36mimport[0m [33mEmailComposer[0m [36mfrom[0m [32m"@/components/EmailComposer"[0m;
  [90m21 |[0m [36mimport[0m [33mInbox[0m [36mfrom[0m [32m"@/components/Inbox"[0m;
[31m[1m>[0m [90m22 |[0m [36mimport[0m [33mEmailViewer[0m [36mfrom[0m [32m"@/components/EmailViewer"[0m;
  [90m   |[0m [31m[1m^^^^^^^^^^^^^^^^^^^^^^^^^^^^^^^^^^^^^^^^^^^^^^^^^^^[0m
  [90m23 |[0m [36mimport[0m [33mKeyManagement[0m [36mfrom[0m [32m"@/components/KeyManagement"[0m;
  [90m24 |[0m
  [90m25 |[0m [36mtype[0m [33mView[0m = [32m"inbox"[0m | [32m"sent"[0m | [32m"keys"[0m | [32m"settings"[0m;

The export default was not found in module [project]/components/EmailViewer.tsx [app-client] (ecmascript).
Did you mean to import EmailViewer?
All exports of the module are statically known (It doesn't have dynamic exports). So it's known statically that the requested export doesn't exist.

Import traces:
  Client Component Browser:
    ./app/dashboard/page.tsx [Client Component Browser]
    ./app/dashboard/page.tsx [Server Component]

  Client Component SSR:
    ./app/dashboard/page.tsx [Client Component SSR]
    ./app/dashboard/page.tsx [Server Component]


./app/dashboard/page.tsx:22:1
Export default doesn't exist in target module
  [90m20 |[0m [36mimport[0m [33mEmailComposer[0m [36mfrom[0m [32m"@/components/EmailComposer"[0m;
  [90m21 |[0m [36mimport[0m [33mInbox[0m [36mfrom[0m [32m"@/components/Inbox"[0m;
[31m[1m>[0m [90m22 |[0m [36mimport[0m [33mEmailViewer[0m [36mfrom[0m [32m"@/components/EmailViewer"[0m;
  [90m   |[0m [31m[1m^^^^^^^^^^^^^^^^^^^^^^^^^^^^^^^^^^^^^^^^^^^^^^^^^^^[0m
  [90m23 |[0m [36mimport[0m [33mKeyManagement[0m [36mfrom[0m [32m"@/components/KeyManagement"[0m;
  [90m24 |[0m
  [90m25 |[0m [36mtype[0m [33mView[0m = [32m"inbox"[0m | [32m"sent"[0m | [32m"keys"[0m | [32m"settings"[0m;

The export default was not found in module [project]/components/EmailViewer.tsx [app-ssr] (ecmascript).
Did you mean to import EmailViewer?
All exports of the module are statically known (It doesn't have dynamic exports). So it's known statically that the requested export doesn't exist.

Import traces:
  Client Component Browser:
    ./app/dashboard/page.tsx [Client Component Browser]
    ./app/dashboard/page.tsx [Server Component]

  Client Component SSR:
    ./app/dashboard/page.tsx [Client Component SSR]
    ./app/dashboard/page.tsx [Server Component]


./app/dashboard/page.tsx:21:1
Export default doesn't exist in target module
  [90m19 |[0m [90m// Components imports (assuming they are exported as default or named ...[0m
  [90m20 |[0m [36mimport[0m [33mEmailComposer[0m [36mfrom[0m [32m"@/components/EmailComposer"[0m;
[31m[1m>[0m [90m21 |[0m [36mimport[0m [33mInbox[0m [36mfrom[0m [32m"@/components/Inbox"[0m;
  [90m   |[0m [31m[1m^^^^^^^^^^^^^^^^^^^^^^^^^^^^^^^^^^^^^^^[0m
  [90m22 |[0m [36mimport[0m [33mEmailViewer[0m [36mfrom[0m [32m"@/components/EmailViewer"[0m;
  [90m23 |[0m [36mimport[0m [33mKeyManagement[0m [36mfrom[0m [32m"@/components/KeyManagement"[0m;
  [90m24 |[0m

The export default was not found in module [project]/components/Inbox.tsx [app-client] (ecmascript).
Did you mean to import Inbox?
All exports of the module are statically known (It doesn't have dynamic exports). So it's known statically that the requested export doesn't exist.

Import traces:
  Client Component Browser:
    ./app/dashboard/page.tsx [Client Component Browser]
    ./app/dashboard/page.tsx [Server Component]

  Client Component SSR:
    ./app/dashboard/page.tsx [Client Component SSR]
    ./app/dashboard/page.tsx [Server Component]


./app/dashboard/page.tsx:21:1
Export default doesn't exist in target module
  [90m19 |[0m [90m// Components imports (assuming they are exported as default or named ...[0m
  [90m20 |[0m [36mimport[0m [33mEmailComposer[0m [36mfrom[0m [32m"@/components/EmailComposer"[0m;
[31m[1m>[0m [90m21 |[0m [36mimport[0m [33mInbox[0m [36mfrom[0m [32m"@/components/Inbox"[0m;
  [90m   |[0m [31m[1m^^^^^^^^^^^^^^^^^^^^^^^^^^^^^^^^^^^^^^^[0m
  [90m22 |[0m [36mimport[0m [33mEmailViewer[0m [36mfrom[0m [32m"@/components/EmailViewer"[0m;
  [90m23 |[0m [36mimport[0m [33mKeyManagement[0m [36mfrom[0m [32m"@/components/KeyManagement"[0m;
  [90m24 |[0m

The export default was not found in module [project]/components/Inbox.tsx [app-ssr] (ecmascript).
Did you mean to import Inbox?
All exports of the module are statically known (It doesn't have dynamic exports). So it's known statically that the requested export doesn't exist.

Import traces:
  Client Component Browser:
    ./app/dashboard/page.tsx [Client Component Browser]
    ./app/dashboard/page.tsx [Server Component]

  Client Component SSR:
    ./app/dashboard/page.tsx [Client Component SSR]
    ./app/dashboard/page.tsx [Server Component]


./app/dashboard/page.tsx:23:1
Export default doesn't exist in target module
  [90m21 |[0m [36mimport[0m [33mInbox[0m [36mfrom[0m [32m"@/components/Inbox"[0m;
  [90m22 |[0m [36mimport[0m [33mEmailViewer[0m [36mfrom[0m [32m"@/components/EmailViewer"[0m;
[31m[1m>[0m [90m23 |[0m [36mimport[0m [33mKeyManagement[0m [36mfrom[0m [32m"@/components/KeyManagement"[0m;
  [90m   |[0m [31m[1m^^^^^^^^^^^^^^^^^^^^^^^^^^^^^^^^^^^^^^^^^^^^^^^^^^^^^^^[0m
  [90m24 |[0m
  [90m25 |[0m [36mtype[0m [33mView[0m = [32m"inbox"[0m | [32m"sent"[0m | [32m"keys"[0m | [32m"settings"[0m;
  [90m26 |[0m

The export default was not found in module [project]/components/KeyManagement.tsx [app-client] (ecmascript).
Did you mean to import KeyManagement?
All exports of the module are statically known (It doesn't have dynamic exports). So it's known statically that the requested export doesn't exist.

Import traces:
  Client Component Browser:
    ./app/dashboard/page.tsx [Client Component Browser]
    ./app/dashboard/page.tsx [Server Component]

  Client Component SSR:
    ./app/dashboard/page.tsx [Client Component SSR]
    ./app/dashboard/page.tsx [Server Component]


./app/dashboard/page.tsx:23:1
Export default doesn't exist in target module
  [90m21 |[0m [36mimport[0m [33mInbox[0m [36mfrom[0m [32m"@/components/Inbox"[0m;
  [90m22 |[0m [36mimport[0m [33mEmailViewer[0m [36mfrom[0m [32m"@/components/EmailViewer"[0m;
[31m[1m>[0m [90m23 |[0m [36mimport[0m [33mKeyManagement[0m [36mfrom[0m [32m"@/components/KeyManagement"[0m;
  [90m   |[0m [31m[1m^^^^^^^^^^^^^^^^^^^^^^^^^^^^^^^^^^^^^^^^^^^^^^^^^^^^^^^[0m
  [90m24 |[0m
  [90m25 |[0m [36mtype[0m [33mView[0m = [32m"inbox"[0m | [32m"sent"[0m | [32m"keys"[0m | [32m"settings"[0m;
  [90m26 |[0m

The export default was not found in module [project]/components/KeyManagement.tsx [app-ssr] (ecmascript).
Did you mean to import KeyManagement?
All exports of the module are statically known (It doesn't have dynamic exports). So it's known statically that the requested export doesn't exist.

Import traces:
  Client Component Browser:
    ./app/dashboard/page.tsx [Client Component Browser]
    ./app/dashboard/page.tsx [Server Component]

  Client Component SSR:
    ./app/dashboard/page.tsx [Client Component SSR]
    ./app/dashboard/page.tsx [Server Component]


    at <unknown> (./app/dashboard/page.tsx:20:1)
    at <unknown> (./app/dashboard/page.tsx:20:1)
    at <unknown> (./app/dashboard/page.tsx:22:1)
    at <unknown> (./app/dashboard/page.tsx:22:1)
    at <unknown> (./app/dashboard/page.tsx:21:1)
    at <unknown> (./app/dashboard/page.tsx:21:1)
    at <unknown> (./app/dashboard/page.tsx:23:1)
    at <unknown> (./app/dashboard/page.tsx:23:1)
 ELIFECYCLE  Command failed with exit code 1.
